../Core/Src/main.c:93:5:main	96	static
../Core/Src/main.c:180:6:SystemClock_Config	88	static
../Core/Src/main.c:227:13:MX_I2C1_Init	8	static
../Core/Src/main.c:275:13:MX_LPUART1_UART_Init	8	static
../Core/Src/main.c:322:13:MX_SPI3_Init	8	static
../Core/Src/main.c:360:13:MX_DMA_Init	16	static
../Core/Src/main.c:388:13:MX_GPIO_Init	48	static
../Core/Src/main.c:436:6:UARTConfig	8	static
../Core/Src/main.c:441:6:HAL_UART_RxCpltCallback	16	static
../Core/Src/main.c:460:6:WriteScore	24	static
../Core/Src/main.c:467:9:ReadScore	16	static
../Core/Src/main.c:475:6:SPITxRx_Setup	8	static
../Core/Src/main.c:484:6:HAL_SPI_TxRxCpltCallback	16	static
../Core/Src/main.c:489:6:TurnOnLED	8	static
../Core/Src/main.c:500:6:TurnOffLED	8	static
../Core/Src/main.c:511:6:LightRandomLED	16	static
../Core/Src/main.c:524:6:CheckButtonPress	16	static
../Core/Src/main.c:543:6:Error_Handler	4	static,ignoring_inline_asm
